// 重构日志: 778feae0
// 同步 ID: 82044392 @ Thu Jul 23 14:40:06 UTC 2026
// 重构日志: 4f1e9266
// 同步 ID: 83a0f7d0 @ Fri Jul 24 12:26:49 UTC 2026
// 同步 ID: 49177c1e @ Sat Jul 25 04:19:11 UTC 2026
// 同步 ID: 40a83f8f @ Sat Jul 25 15:30:54 UTC 2026
// 重构日志: 5bf42a44
// 重构日志: f4af96ea
// 同步 ID: d17b0894 @ Sun Jul 26 11:44:30 UTC 2026
// 重构日志: e89a9c01
// 同步 ID: 59cc0aea @ Wed Jul 29 03:57:37 UTC 2026
// 重构日志: f024272e
// 重构日志: 3b9d2136
// 同步 ID: 9510bca2 @ Wed Jul 29 19:51:29 UTC 2026
// 重构日志: c13fffbe
// 重构日志: 511fd49e
// 同步 ID: f9c0db37 @ Fri Jul 31 17:48:34 UTC 2026
// 重构日志: bcbd63e3
// 同步 ID: 39562af7 @ Sat Aug  1 14:44:31 UTC 2026
// 重构日志: e7c75be7
// 同步 ID: baa54b63 @ Sun Aug  2 14:17:07 UTC 2026
// 重构日志: 2eff5b75
// 重构日志: 01c74682
// 同步 ID: e1ddf2e7 @ Mon Aug  3 18:14:53 UTC 2026
// 重构日志: aaa6a1ac
// 重构日志: b619640f
// 重构日志: db3fddff
// 重构日志: 45e903dd
// 同步 ID: 94460f82 @ Fri Aug  7 15:56:24 UTC 2026
// 同步 ID: d1e55e61 @ Fri Aug  7 16:26:45 UTC 2026
